PHPUnit 11.5.55 by Sebastian Bergmann and contributors.

Runtime:       PHP 8.5.1
Configuration: /Users/wildanbelfiore/mini-erp-app/phpunit.xml

EEEEEE                                                              6 / 6 (100%)

Time: 00:01.147, Memory: 24.00 MB

There were 6 errors:

1) Tests\Feature\FinanceModuleTest::test_ledger_accounts_requires_auth
Illuminate\Database\QueryException: SQLSTATE[HY000]: General error: 1 duplicate column name: uuid (Connection: sqlite, Database: :memory:, SQL: alter table "users" add column "uuid" varchar)

/Users/wildanbelfiore/mini-erp-app/vendor/laravel/framework/src/Illuminate/Database/Connection.php:838
/Users/wildanbelfiore/mini-erp-app/vendor/laravel/framework/src/Illuminate/Database/Connection.php:794
/Users/wildanbelfiore/mini-erp-app/vendor/laravel/framework/src/Illuminate/Database/Connection.php:573
/Users/wildanbelfiore/mini-erp-app/vendor/laravel/framework/src/Illuminate/Database/Schema/Blueprint.php:121
/Users/wildanbelfiore/mini-erp-app/vendor/laravel/framework/src/Illuminate/Database/Schema/Builder.php:686
/Users/wildanbelfiore/mini-erp-app/vendor/laravel/framework/src/Illuminate/Database/Schema/Builder.php:494
/Users/wildanbelfiore/mini-erp-app/vendor/laravel/framework/src/Illuminate/Support/Facades/Facade.php:363
/Users/wildanbelfiore/mini-erp-app/database/migrations/2026_02_18_152010_add_uuid_to_hrm_and_user_tables.php:33
/Users/wildanbelfiore/mini-erp-app/vendor/laravel/framework/src/Illuminate/Database/Migrations/Migrator.php:517
/Users/wildanbelfiore/mini-erp-app/vendor/laravel/framework/src/Illuminate/Database/Migrations/Migrator.php:442
/Users/wildanbelfiore/mini-erp-app/vendor/laravel/framework/src/Illuminate/Database/Migrations/Migrator.php:451
/Users/wildanbelfiore/mini-erp-app/vendor/laravel/framework/src/Illuminate/Database/Migrations/Migrator.php:253
/Users/wildanbelfiore/mini-erp-app/vendor/laravel/framework/src/Illuminate/Console/View/Components/Task.php:41
/Users/wildanbelfiore/mini-erp-app/vendor/laravel/framework/src/Illuminate/Database/Migrations/Migrator.php:814
/Users/wildanbelfiore/mini-erp-app/vendor/laravel/framework/src/Illuminate/Database/Migrations/Migrator.php:253
/Users/wildanbelfiore/mini-erp-app/vendor/laravel/framework/src/Illuminate/Database/Migrations/Migrator.php:211
/Users/wildanbelfiore/mini-erp-app/vendor/laravel/framework/src/Illuminate/Database/Migrations/Migrator.php:138
/Users/wildanbelfiore/mini-erp-app/vendor/laravel/framework/src/Illuminate/Database/Console/Migrations/MigrateCommand.php:116
/Users/wildanbelfiore/mini-erp-app/vendor/laravel/framework/src/Illuminate/Database/Migrations/Migrator.php:671
/Users/wildanbelfiore/mini-erp-app/vendor/laravel/framework/src/Illuminate/Database/Console/Migrations/MigrateCommand.php:109
/Users/wildanbelfiore/mini-erp-app/vendor/laravel/framework/src/Illuminate/Database/Console/Migrations/MigrateCommand.php:88
/Users/wildanbelfiore/mini-erp-app/vendor/laravel/framework/src/Illuminate/Container/BoundMethod.php:36
/Users/wildanbelfiore/mini-erp-app/vendor/laravel/framework/src/Illuminate/Container/Util.php:43
/Users/wildanbelfiore/mini-erp-app/vendor/laravel/framework/src/Illuminate/Container/BoundMethod.php:96
/Users/wildanbelfiore/mini-erp-app/vendor/laravel/framework/src/Illuminate/Container/BoundMethod.php:35
/Users/wildanbelfiore/mini-erp-app/vendor/laravel/framework/src/Illuminate/Container/Container.php:799
/Users/wildanbelfiore/mini-erp-app/vendor/laravel/framework/src/Illuminate/Console/Command.php:211
/Users/wildanbelfiore/mini-erp-app/vendor/symfony/console/Command/Command.php:341
/Users/wildanbelfiore/mini-erp-app/vendor/laravel/framework/src/Illuminate/Console/Command.php:180
/Users/wildanbelfiore/mini-erp-app/vendor/laravel/framework/src/Illuminate/Console/Concerns/CallsCommands.php:68
/Users/wildanbelfiore/mini-erp-app/vendor/laravel/framework/src/Illuminate/Console/Concerns/CallsCommands.php:29
/Users/wildanbelfiore/mini-erp-app/vendor/laravel/framework/src/Illuminate/Database/Console/Migrations/FreshCommand.php:88
/Users/wildanbelfiore/mini-erp-app/vendor/laravel/framework/src/Illuminate/Container/BoundMethod.php:36
/Users/wildanbelfiore/mini-erp-app/vendor/laravel/framework/src/Illuminate/Container/Util.php:43
/Users/wildanbelfiore/mini-erp-app/vendor/laravel/framework/src/Illuminate/Container/BoundMethod.php:96
/Users/wildanbelfiore/mini-erp-app/vendor/laravel/framework/src/Illuminate/Container/BoundMethod.php:35
/Users/wildanbelfiore/mini-erp-app/vendor/laravel/framework/src/Illuminate/Container/Container.php:799
/Users/wildanbelfiore/mini-erp-app/vendor/laravel/framework/src/Illuminate/Console/Command.php:211
/Users/wildanbelfiore/mini-erp-app/vendor/symfony/console/Command/Command.php:341
/Users/wildanbelfiore/mini-erp-app/vendor/laravel/framework/src/Illuminate/Console/Command.php:180
/Users/wildanbelfiore/mini-erp-app/vendor/symfony/console/Application.php:1094
/Users/wildanbelfiore/mini-erp-app/vendor/symfony/console/Application.php:356
/Users/wildanbelfiore/mini-erp-app/vendor/symfony/console/Application.php:195
/Users/wildanbelfiore/mini-erp-app/vendor/laravel/framework/src/Illuminate/Console/Application.php:165
/Users/wildanbelfiore/mini-erp-app/vendor/laravel/framework/src/Illuminate/Foundation/Console/Kernel.php:447
/Users/wildanbelfiore/mini-erp-app/vendor/laravel/framework/src/Illuminate/Testing/PendingCommand.php:451
/Users/wildanbelfiore/mini-erp-app/vendor/laravel/framework/src/Illuminate/Testing/PendingCommand.php:675
/Users/wildanbelfiore/mini-erp-app/vendor/laravel/framework/src/Illuminate/Foundation/Testing/Concerns/InteractsWithConsole.php:87
/Users/wildanbelfiore/mini-erp-app/vendor/laravel/framework/src/Illuminate/Foundation/Testing/RefreshDatabase.php:119
/Users/wildanbelfiore/mini-erp-app/vendor/laravel/framework/src/Illuminate/Foundation/Testing/RefreshDatabase.php:84
/Users/wildanbelfiore/mini-erp-app/vendor/laravel/framework/src/Illuminate/Foundation/Testing/RefreshDatabase.php:25
/Users/wildanbelfiore/mini-erp-app/vendor/laravel/framework/src/Illuminate/Foundation/Testing/Concerns/InteractsWithTestCaseLifecycle.php:217
/Users/wildanbelfiore/mini-erp-app/vendor/laravel/framework/src/Illuminate/Foundation/Testing/Concerns/InteractsWithTestCaseLifecycle.php:101
/Users/wildanbelfiore/mini-erp-app/vendor/laravel/framework/src/Illuminate/Foundation/Testing/TestCase.php:63
/Users/wildanbelfiore/mini-erp-app/tests/Feature/FinanceModuleTest.php:19

Caused by
PDOException: SQLSTATE[HY000]: General error: 1 duplicate column name: uuid

/Users/wildanbelfiore/mini-erp-app/vendor/laravel/framework/src/Illuminate/Database/Connection.php:578
/Users/wildanbelfiore/mini-erp-app/vendor/laravel/framework/src/Illuminate/Database/Connection.php:827
/Users/wildanbelfiore/mini-erp-app/vendor/laravel/framework/src/Illuminate/Database/Connection.php:794
/Users/wildanbelfiore/mini-erp-app/vendor/laravel/framework/src/Illuminate/Database/Connection.php:573
/Users/wildanbelfiore/mini-erp-app/vendor/laravel/framework/src/Illuminate/Database/Schema/Blueprint.php:121
/Users/wildanbelfiore/mini-erp-app/vendor/laravel/framework/src/Illuminate/Database/Schema/Builder.php:686
/Users/wildanbelfiore/mini-erp-app/vendor/laravel/framework/src/Illuminate/Database/Schema/Builder.php:494
/Users/wildanbelfiore/mini-erp-app/vendor/laravel/framework/src/Illuminate/Support/Facades/Facade.php:363
/Users/wildanbelfiore/mini-erp-app/database/migrations/2026_02_18_152010_add_uuid_to_hrm_and_user_tables.php:33
/Users/wildanbelfiore/mini-erp-app/vendor/laravel/framework/src/Illuminate/Database/Migrations/Migrator.php:517
/Users/wildanbelfiore/mini-erp-app/vendor/laravel/framework/src/Illuminate/Database/Migrations/Migrator.php:442
/Users/wildanbelfiore/mini-erp-app/vendor/laravel/framework/src/Illuminate/Database/Migrations/Migrator.php:451
/Users/wildanbelfiore/mini-erp-app/vendor/laravel/framework/src/Illuminate/Database/Migrations/Migrator.php:253
/Users/wildanbelfiore/mini-erp-app/vendor/laravel/framework/src/Illuminate/Console/View/Components/Task.php:41
/Users/wildanbelfiore/mini-erp-app/vendor/laravel/framework/src/Illuminate/Database/Migrations/Migrator.php:814
/Users/wildanbelfiore/mini-erp-app/vendor/laravel/framework/src/Illuminate/Database/Migrations/Migrator.php:253
/Users/wildanbelfiore/mini-erp-app/vendor/laravel/framework/src/Illuminate/Database/Migrations/Migrator.php:211
/Users/wildanbelfiore/mini-erp-app/vendor/laravel/framework/src/Illuminate/Database/Migrations/Migrator.php:138
/Users/wildanbelfiore/mini-erp-app/vendor/laravel/framework/src/Illuminate/Database/Console/Migrations/MigrateCommand.php:116
/Users/wildanbelfiore/mini-erp-app/vendor/laravel/framework/src/Illuminate/Database/Migrations/Migrator.php:671
/Users/wildanbelfiore/mini-erp-app/vendor/laravel/framework/src/Illuminate/Database/Console/Migrations/MigrateCommand.php:109
/Users/wildanbelfiore/mini-erp-app/vendor/laravel/framework/src/Illuminate/Database/Console/Migrations/MigrateCommand.php:88
/Users/wildanbelfiore/mini-erp-app/vendor/laravel/framework/src/Illuminate/Container/BoundMethod.php:36
/Users/wildanbelfiore/mini-erp-app/vendor/laravel/framework/src/Illuminate/Container/Util.php:43
/Users/wildanbelfiore/mini-erp-app/vendor/laravel/framework/src/Illuminate/Container/BoundMethod.php:96
/Users/wildanbelfiore/mini-erp-app/vendor/laravel/framework/src/Illuminate/Container/BoundMethod.php:35
/Users/wildanbelfiore/mini-erp-app/vendor/laravel/framework/src/Illuminate/Container/Container.php:799
/Users/wildanbelfiore/mini-erp-app/vendor/laravel/framework/src/Illuminate/Console/Command.php:211
/Users/wildanbelfiore/mini-erp-app/vendor/symfony/console/Command/Command.php:341
/Users/wildanbelfiore/mini-erp-app/vendor/laravel/framework/src/Illuminate/Console/Command.php:180
/Users/wildanbelfiore/mini-erp-app/vendor/laravel/framework/src/Illuminate/Console/Concerns/CallsCommands.php:68
/Users/wildanbelfiore/mini-erp-app/vendor/laravel/framework/src/Illuminate/Console/Concerns/CallsCommands.php:29
/Users/wildanbelfiore/mini-erp-app/vendor/laravel/framework/src/Illuminate/Database/Console/Migrations/FreshCommand.php:88
/Users/wildanbelfiore/mini-erp-app/vendor/laravel/framework/src/Illuminate/Container/BoundMethod.php:36
/Users/wildanbelfiore/mini-erp-app/vendor/laravel/framework/src/Illuminate/Container/Util.php:43
/Users/wildanbelfiore/mini-erp-app/vendor/laravel/framework/src/Illuminate/Container/BoundMethod.php:96
/Users/wildanbelfiore/mini-erp-app/vendor/laravel/framework/src/Illuminate/Container/BoundMethod.php:35
/Users/wildanbelfiore/mini-erp-app/vendor/laravel/framework/src/Illuminate/Container/Container.php:799
/Users/wildanbelfiore/mini-erp-app/vendor/laravel/framework/src/Illuminate/Console/Command.php:211
/Users/wildanbelfiore/mini-erp-app/vendor/symfony/console/Command/Command.php:341
/Users/wildanbelfiore/mini-erp-app/vendor/laravel/framework/src/Illuminate/Console/Command.php:180
/Users/wildanbelfiore/mini-erp-app/vendor/symfony/console/Application.php:1094
/Users/wildanbelfiore/mini-erp-app/vendor/symfony/console/Application.php:356
/Users/wildanbelfiore/mini-erp-app/vendor/symfony/console/Application.php:195
/Users/wildanbelfiore/mini-erp-app/vendor/laravel/framework/src/Illuminate/Console/Application.php:165
/Users/wildanbelfiore/mini-erp-app/vendor/laravel/framework/src/Illuminate/Foundation/Console/Kernel.php:447
/Users/wildanbelfiore/mini-erp-app/vendor/laravel/framework/src/Illuminate/Testing/PendingCommand.php:451
/Users/wildanbelfiore/mini-erp-app/vendor/laravel/framework/src/Illuminate/Testing/PendingCommand.php:675
/Users/wildanbelfiore/mini-erp-app/vendor/laravel/framework/src/Illuminate/Foundation/Testing/Concerns/InteractsWithConsole.php:87
/Users/wildanbelfiore/mini-erp-app/vendor/laravel/framework/src/Illuminate/Foundation/Testing/RefreshDatabase.php:119
/Users/wildanbelfiore/mini-erp-app/vendor/laravel/framework/src/Illuminate/Foundation/Testing/RefreshDatabase.php:84
/Users/wildanbelfiore/mini-erp-app/vendor/laravel/framework/src/Illuminate/Foundation/Testing/RefreshDatabase.php:25
/Users/wildanbelfiore/mini-erp-app/vendor/laravel/framework/src/Illuminate/Foundation/Testing/Concerns/InteractsWithTestCaseLifecycle.php:217
/Users/wildanbelfiore/mini-erp-app/vendor/laravel/framework/src/Illuminate/Foundation/Testing/Concerns/InteractsWithTestCaseLifecycle.php:101
/Users/wildanbelfiore/mini-erp-app/vendor/laravel/framework/src/Illuminate/Foundation/Testing/TestCase.php:63
/Users/wildanbelfiore/mini-erp-app/tests/Feature/FinanceModuleTest.php:19

2) Tests\Feature\FinanceModuleTest::test_can_list_ledger_accounts
Illuminate\Database\QueryException: SQLSTATE[HY000]: General error: 1 duplicate column name: uuid (Connection: sqlite, Database: :memory:, SQL: alter table "users" add column "uuid" varchar)

/Users/wildanbelfiore/mini-erp-app/vendor/laravel/framework/src/Illuminate/Database/Connection.php:838
/Users/wildanbelfiore/mini-erp-app/vendor/laravel/framework/src/Illuminate/Database/Connection.php:794
/Users/wildanbelfiore/mini-erp-app/vendor/laravel/framework/src/Illuminate/Database/Connection.php:573
/Users/wildanbelfiore/mini-erp-app/vendor/laravel/framework/src/Illuminate/Database/Schema/Blueprint.php:121
/Users/wildanbelfiore/mini-erp-app/vendor/laravel/framework/src/Illuminate/Database/Schema/Builder.php:686
/Users/wildanbelfiore/mini-erp-app/vendor/laravel/framework/src/Illuminate/Database/Schema/Builder.php:494
/Users/wildanbelfiore/mini-erp-app/vendor/laravel/framework/src/Illuminate/Support/Facades/Facade.php:363
/Users/wildanbelfiore/mini-erp-app/database/migrations/2026_02_18_152010_add_uuid_to_hrm_and_user_tables.php:33
/Users/wildanbelfiore/mini-erp-app/vendor/laravel/framework/src/Illuminate/Database/Migrations/Migrator.php:517
/Users/wildanbelfiore/mini-erp-app/vendor/laravel/framework/src/Illuminate/Database/Migrations/Migrator.php:442
/Users/wildanbelfiore/mini-erp-app/vendor/laravel/framework/src/Illuminate/Database/Migrations/Migrator.php:451
/Users/wildanbelfiore/mini-erp-app/vendor/laravel/framework/src/Illuminate/Database/Migrations/Migrator.php:253
/Users/wildanbelfiore/mini-erp-app/vendor/laravel/framework/src/Illuminate/Console/View/Components/Task.php:41
/Users/wildanbelfiore/mini-erp-app/vendor/laravel/framework/src/Illuminate/Database/Migrations/Migrator.php:814
/Users/wildanbelfiore/mini-erp-app/vendor/laravel/framework/src/Illuminate/Database/Migrations/Migrator.php:253
/Users/wildanbelfiore/mini-erp-app/vendor/laravel/framework/src/Illuminate/Database/Migrations/Migrator.php:211
/Users/wildanbelfiore/mini-erp-app/vendor/laravel/framework/src/Illuminate/Database/Migrations/Migrator.php:138
/Users/wildanbelfiore/mini-erp-app/vendor/laravel/framework/src/Illuminate/Database/Console/Migrations/MigrateCommand.php:116
/Users/wildanbelfiore/mini-erp-app/vendor/laravel/framework/src/Illuminate/Database/Migrations/Migrator.php:671
/Users/wildanbelfiore/mini-erp-app/vendor/laravel/framework/src/Illuminate/Database/Console/Migrations/MigrateCommand.php:109
/Users/wildanbelfiore/mini-erp-app/vendor/laravel/framework/src/Illuminate/Database/Console/Migrations/MigrateCommand.php:88
/Users/wildanbelfiore/mini-erp-app/vendor/laravel/framework/src/Illuminate/Container/BoundMethod.php:36
/Users/wildanbelfiore/mini-erp-app/vendor/laravel/framework/src/Illuminate/Container/Util.php:43
/Users/wildanbelfiore/mini-erp-app/vendor/laravel/framework/src/Illuminate/Container/BoundMethod.php:96
/Users/wildanbelfiore/mini-erp-app/vendor/laravel/framework/src/Illuminate/Container/BoundMethod.php:35
/Users/wildanbelfiore/mini-erp-app/vendor/laravel/framework/src/Illuminate/Container/Container.php:799
/Users/wildanbelfiore/mini-erp-app/vendor/laravel/framework/src/Illuminate/Console/Command.php:211
/Users/wildanbelfiore/mini-erp-app/vendor/symfony/console/Command/Command.php:341
/Users/wildanbelfiore/mini-erp-app/vendor/laravel/framework/src/Illuminate/Console/Command.php:180
/Users/wildanbelfiore/mini-erp-app/vendor/laravel/framework/src/Illuminate/Console/Concerns/CallsCommands.php:68
/Users/wildanbelfiore/mini-erp-app/vendor/laravel/framework/src/Illuminate/Console/Concerns/CallsCommands.php:29
/Users/wildanbelfiore/mini-erp-app/vendor/laravel/framework/src/Illuminate/Database/Console/Migrations/FreshCommand.php:88
/Users/wildanbelfiore/mini-erp-app/vendor/laravel/framework/src/Illuminate/Container/BoundMethod.php:36
/Users/wildanbelfiore/mini-erp-app/vendor/laravel/framework/src/Illuminate/Container/Util.php:43
/Users/wildanbelfiore/mini-erp-app/vendor/laravel/framework/src/Illuminate/Container/BoundMethod.php:96
/Users/wildanbelfiore/mini-erp-app/vendor/laravel/framework/src/Illuminate/Container/BoundMethod.php:35
/Users/wildanbelfiore/mini-erp-app/vendor/laravel/framework/src/Illuminate/Container/Container.php:799
/Users/wildanbelfiore/mini-erp-app/vendor/laravel/framework/src/Illuminate/Console/Command.php:211
/Users/wildanbelfiore/mini-erp-app/vendor/symfony/console/Command/Command.php:341
/Users/wildanbelfiore/mini-erp-app/vendor/laravel/framework/src/Illuminate/Console/Command.php:180
/Users/wildanbelfiore/mini-erp-app/vendor/symfony/console/Application.php:1094
/Users/wildanbelfiore/mini-erp-app/vendor/symfony/console/Application.php:356
/Users/wildanbelfiore/mini-erp-app/vendor/symfony/console/Application.php:195
/Users/wildanbelfiore/mini-erp-app/vendor/laravel/framework/src/Illuminate/Console/Application.php:165
/Users/wildanbelfiore/mini-erp-app/vendor/laravel/framework/src/Illuminate/Foundation/Console/Kernel.php:447
/Users/wildanbelfiore/mini-erp-app/vendor/laravel/framework/src/Illuminate/Testing/PendingCommand.php:451
/Users/wildanbelfiore/mini-erp-app/vendor/laravel/framework/src/Illuminate/Testing/PendingCommand.php:675
/Users/wildanbelfiore/mini-erp-app/vendor/laravel/framework/src/Illuminate/Foundation/Testing/Concerns/InteractsWithConsole.php:87
/Users/wildanbelfiore/mini-erp-app/vendor/laravel/framework/src/Illuminate/Foundation/Testing/RefreshDatabase.php:119
/Users/wildanbelfiore/mini-erp-app/vendor/laravel/framework/src/Illuminate/Foundation/Testing/RefreshDatabase.php:84
/Users/wildanbelfiore/mini-erp-app/vendor/laravel/framework/src/Illuminate/Foundation/Testing/RefreshDatabase.php:25
/Users/wildanbelfiore/mini-erp-app/vendor/laravel/framework/src/Illuminate/Foundation/Testing/Concerns/InteractsWithTestCaseLifecycle.php:217
/Users/wildanbelfiore/mini-erp-app/vendor/laravel/framework/src/Illuminate/Foundation/Testing/Concerns/InteractsWithTestCaseLifecycle.php:101
/Users/wildanbelfiore/mini-erp-app/vendor/laravel/framework/src/Illuminate/Foundation/Testing/TestCase.php:63
/Users/wildanbelfiore/mini-erp-app/tests/Feature/FinanceModuleTest.php:19

Caused by
PDOException: SQLSTATE[HY000]: General error: 1 duplicate column name: uuid

/Users/wildanbelfiore/mini-erp-app/vendor/laravel/framework/src/Illuminate/Database/Connection.php:578
/Users/wildanbelfiore/mini-erp-app/vendor/laravel/framework/src/Illuminate/Database/Connection.php:827
/Users/wildanbelfiore/mini-erp-app/vendor/laravel/framework/src/Illuminate/Database/Connection.php:794
/Users/wildanbelfiore/mini-erp-app/vendor/laravel/framework/src/Illuminate/Database/Connection.php:573
/Users/wildanbelfiore/mini-erp-app/vendor/laravel/framework/src/Illuminate/Database/Schema/Blueprint.php:121
/Users/wildanbelfiore/mini-erp-app/vendor/laravel/framework/src/Illuminate/Database/Schema/Builder.php:686
/Users/wildanbelfiore/mini-erp-app/vendor/laravel/framework/src/Illuminate/Database/Schema/Builder.php:494
/Users/wildanbelfiore/mini-erp-app/vendor/laravel/framework/src/Illuminate/Support/Facades/Facade.php:363
/Users/wildanbelfiore/mini-erp-app/database/migrations/2026_02_18_152010_add_uuid_to_hrm_and_user_tables.php:33
/Users/wildanbelfiore/mini-erp-app/vendor/laravel/framework/src/Illuminate/Database/Migrations/Migrator.php:517
/Users/wildanbelfiore/mini-erp-app/vendor/laravel/framework/src/Illuminate/Database/Migrations/Migrator.php:442
/Users/wildanbelfiore/mini-erp-app/vendor/laravel/framework/src/Illuminate/Database/Migrations/Migrator.php:451
/Users/wildanbelfiore/mini-erp-app/vendor/laravel/framework/src/Illuminate/Database/Migrations/Migrator.php:253
/Users/wildanbelfiore/mini-erp-app/vendor/laravel/framework/src/Illuminate/Console/View/Components/Task.php:41
/Users/wildanbelfiore/mini-erp-app/vendor/laravel/framework/src/Illuminate/Database/Migrations/Migrator.php:814
/Users/wildanbelfiore/mini-erp-app/vendor/laravel/framework/src/Illuminate/Database/Migrations/Migrator.php:253
/Users/wildanbelfiore/mini-erp-app/vendor/laravel/framework/src/Illuminate/Database/Migrations/Migrator.php:211
/Users/wildanbelfiore/mini-erp-app/vendor/laravel/framework/src/Illuminate/Database/Migrations/Migrator.php:138
/Users/wildanbelfiore/mini-erp-app/vendor/laravel/framework/src/Illuminate/Database/Console/Migrations/MigrateCommand.php:116
/Users/wildanbelfiore/mini-erp-app/vendor/laravel/framework/src/Illuminate/Database/Migrations/Migrator.php:671
/Users/wildanbelfiore/mini-erp-app/vendor/laravel/framework/src/Illuminate/Database/Console/Migrations/MigrateCommand.php:109
/Users/wildanbelfiore/mini-erp-app/vendor/laravel/framework/src/Illuminate/Database/Console/Migrations/MigrateCommand.php:88
/Users/wildanbelfiore/mini-erp-app/vendor/laravel/framework/src/Illuminate/Container/BoundMethod.php:36
/Users/wildanbelfiore/mini-erp-app/vendor/laravel/framework/src/Illuminate/Container/Util.php:43
/Users/wildanbelfiore/mini-erp-app/vendor/laravel/framework/src/Illuminate/Container/BoundMethod.php:96
/Users/wildanbelfiore/mini-erp-app/vendor/laravel/framework/src/Illuminate/Container/BoundMethod.php:35
/Users/wildanbelfiore/mini-erp-app/vendor/laravel/framework/src/Illuminate/Container/Container.php:799
/Users/wildanbelfiore/mini-erp-app/vendor/laravel/framework/src/Illuminate/Console/Command.php:211
/Users/wildanbelfiore/mini-erp-app/vendor/symfony/console/Command/Command.php:341
/Users/wildanbelfiore/mini-erp-app/vendor/laravel/framework/src/Illuminate/Console/Command.php:180
/Users/wildanbelfiore/mini-erp-app/vendor/laravel/framework/src/Illuminate/Console/Concerns/CallsCommands.php:68
/Users/wildanbelfiore/mini-erp-app/vendor/laravel/framework/src/Illuminate/Console/Concerns/CallsCommands.php:29
/Users/wildanbelfiore/mini-erp-app/vendor/laravel/framework/src/Illuminate/Database/Console/Migrations/FreshCommand.php:88
/Users/wildanbelfiore/mini-erp-app/vendor/laravel/framework/src/Illuminate/Container/BoundMethod.php:36
/Users/wildanbelfiore/mini-erp-app/vendor/laravel/framework/src/Illuminate/Container/Util.php:43
/Users/wildanbelfiore/mini-erp-app/vendor/laravel/framework/src/Illuminate/Container/BoundMethod.php:96
/Users/wildanbelfiore/mini-erp-app/vendor/laravel/framework/src/Illuminate/Container/BoundMethod.php:35
/Users/wildanbelfiore/mini-erp-app/vendor/laravel/framework/src/Illuminate/Container/Container.php:799
/Users/wildanbelfiore/mini-erp-app/vendor/laravel/framework/src/Illuminate/Console/Command.php:211
/Users/wildanbelfiore/mini-erp-app/vendor/symfony/console/Command/Command.php:341
/Users/wildanbelfiore/mini-erp-app/vendor/laravel/framework/src/Illuminate/Console/Command.php:180
/Users/wildanbelfiore/mini-erp-app/vendor/symfony/console/Application.php:1094
/Users/wildanbelfiore/mini-erp-app/vendor/symfony/console/Application.php:356
/Users/wildanbelfiore/mini-erp-app/vendor/symfony/console/Application.php:195
/Users/wildanbelfiore/mini-erp-app/vendor/laravel/framework/src/Illuminate/Console/Application.php:165
/Users/wildanbelfiore/mini-erp-app/vendor/laravel/framework/src/Illuminate/Foundation/Console/Kernel.php:447
/Users/wildanbelfiore/mini-erp-app/vendor/laravel/framework/src/Illuminate/Testing/PendingCommand.php:451
/Users/wildanbelfiore/mini-erp-app/vendor/laravel/framework/src/Illuminate/Testing/PendingCommand.php:675
/Users/wildanbelfiore/mini-erp-app/vendor/laravel/framework/src/Illuminate/Foundation/Testing/Concerns/InteractsWithConsole.php:87
/Users/wildanbelfiore/mini-erp-app/vendor/laravel/framework/src/Illuminate/Foundation/Testing/RefreshDatabase.php:119
/Users/wildanbelfiore/mini-erp-app/vendor/laravel/framework/src/Illuminate/Foundation/Testing/RefreshDatabase.php:84
/Users/wildanbelfiore/mini-erp-app/vendor/laravel/framework/src/Illuminate/Foundation/Testing/RefreshDatabase.php:25
/Users/wildanbelfiore/mini-erp-app/vendor/laravel/framework/src/Illuminate/Foundation/Testing/Concerns/InteractsWithTestCaseLifecycle.php:217
/Users/wildanbelfiore/mini-erp-app/vendor/laravel/framework/src/Illuminate/Foundation/Testing/Concerns/InteractsWithTestCaseLifecycle.php:101
/Users/wildanbelfiore/mini-erp-app/vendor/laravel/framework/src/Illuminate/Foundation/Testing/TestCase.php:63
/Users/wildanbelfiore/mini-erp-app/tests/Feature/FinanceModuleTest.php:19

3) Tests\Feature\FinanceModuleTest::test_reporting_balance_sheet
Illuminate\Database\QueryException: SQLSTATE[HY000]: General error: 1 duplicate column name: uuid (Connection: sqlite, Database: :memory:, SQL: alter table "users" add column "uuid" varchar)

/Users/wildanbelfiore/mini-erp-app/vendor/laravel/framework/src/Illuminate/Database/Connection.php:838
/Users/wildanbelfiore/mini-erp-app/vendor/laravel/framework/src/Illuminate/Database/Connection.php:794
/Users/wildanbelfiore/mini-erp-app/vendor/laravel/framework/src/Illuminate/Database/Connection.php:573
/Users/wildanbelfiore/mini-erp-app/vendor/laravel/framework/src/Illuminate/Database/Schema/Blueprint.php:121
/Users/wildanbelfiore/mini-erp-app/vendor/laravel/framework/src/Illuminate/Database/Schema/Builder.php:686
/Users/wildanbelfiore/mini-erp-app/vendor/laravel/framework/src/Illuminate/Database/Schema/Builder.php:494
/Users/wildanbelfiore/mini-erp-app/vendor/laravel/framework/src/Illuminate/Support/Facades/Facade.php:363
/Users/wildanbelfiore/mini-erp-app/database/migrations/2026_02_18_152010_add_uuid_to_hrm_and_user_tables.php:33
/Users/wildanbelfiore/mini-erp-app/vendor/laravel/framework/src/Illuminate/Database/Migrations/Migrator.php:517
/Users/wildanbelfiore/mini-erp-app/vendor/laravel/framework/src/Illuminate/Database/Migrations/Migrator.php:442
/Users/wildanbelfiore/mini-erp-app/vendor/laravel/framework/src/Illuminate/Database/Migrations/Migrator.php:451
/Users/wildanbelfiore/mini-erp-app/vendor/laravel/framework/src/Illuminate/Database/Migrations/Migrator.php:253
/Users/wildanbelfiore/mini-erp-app/vendor/laravel/framework/src/Illuminate/Console/View/Components/Task.php:41
/Users/wildanbelfiore/mini-erp-app/vendor/laravel/framework/src/Illuminate/Database/Migrations/Migrator.php:814
/Users/wildanbelfiore/mini-erp-app/vendor/laravel/framework/src/Illuminate/Database/Migrations/Migrator.php:253
/Users/wildanbelfiore/mini-erp-app/vendor/laravel/framework/src/Illuminate/Database/Migrations/Migrator.php:211
/Users/wildanbelfiore/mini-erp-app/vendor/laravel/framework/src/Illuminate/Database/Migrations/Migrator.php:138
/Users/wildanbelfiore/mini-erp-app/vendor/laravel/framework/src/Illuminate/Database/Console/Migrations/MigrateCommand.php:116
/Users/wildanbelfiore/mini-erp-app/vendor/laravel/framework/src/Illuminate/Database/Migrations/Migrator.php:671
/Users/wildanbelfiore/mini-erp-app/vendor/laravel/framework/src/Illuminate/Database/Console/Migrations/MigrateCommand.php:109
/Users/wildanbelfiore/mini-erp-app/vendor/laravel/framework/src/Illuminate/Database/Console/Migrations/MigrateCommand.php:88
/Users/wildanbelfiore/mini-erp-app/vendor/laravel/framework/src/Illuminate/Container/BoundMethod.php:36
/Users/wildanbelfiore/mini-erp-app/vendor/laravel/framework/src/Illuminate/Container/Util.php:43
/Users/wildanbelfiore/mini-erp-app/vendor/laravel/framework/src/Illuminate/Container/BoundMethod.php:96
/Users/wildanbelfiore/mini-erp-app/vendor/laravel/framework/src/Illuminate/Container/BoundMethod.php:35
/Users/wildanbelfiore/mini-erp-app/vendor/laravel/framework/src/Illuminate/Container/Container.php:799
/Users/wildanbelfiore/mini-erp-app/vendor/laravel/framework/src/Illuminate/Console/Command.php:211
/Users/wildanbelfiore/mini-erp-app/vendor/symfony/console/Command/Command.php:341
/Users/wildanbelfiore/mini-erp-app/vendor/laravel/framework/src/Illuminate/Console/Command.php:180
/Users/wildanbelfiore/mini-erp-app/vendor/laravel/framework/src/Illuminate/Console/Concerns/CallsCommands.php:68
/Users/wildanbelfiore/mini-erp-app/vendor/laravel/framework/src/Illuminate/Console/Concerns/CallsCommands.php:29
/Users/wildanbelfiore/mini-erp-app/vendor/laravel/framework/src/Illuminate/Database/Console/Migrations/FreshCommand.php:88
/Users/wildanbelfiore/mini-erp-app/vendor/laravel/framework/src/Illuminate/Container/BoundMethod.php:36
/Users/wildanbelfiore/mini-erp-app/vendor/laravel/framework/src/Illuminate/Container/Util.php:43
/Users/wildanbelfiore/mini-erp-app/vendor/laravel/framework/src/Illuminate/Container/BoundMethod.php:96
/Users/wildanbelfiore/mini-erp-app/vendor/laravel/framework/src/Illuminate/Container/BoundMethod.php:35
/Users/wildanbelfiore/mini-erp-app/vendor/laravel/framework/src/Illuminate/Container/Container.php:799
/Users/wildanbelfiore/mini-erp-app/vendor/laravel/framework/src/Illuminate/Console/Command.php:211
/Users/wildanbelfiore/mini-erp-app/vendor/symfony/console/Command/Command.php:341
/Users/wildanbelfiore/mini-erp-app/vendor/laravel/framework/src/Illuminate/Console/Command.php:180
/Users/wildanbelfiore/mini-erp-app/vendor/symfony/console/Application.php:1094
/Users/wildanbelfiore/mini-erp-app/vendor/symfony/console/Application.php:356
/Users/wildanbelfiore/mini-erp-app/vendor/symfony/console/Application.php:195
/Users/wildanbelfiore/mini-erp-app/vendor/laravel/framework/src/Illuminate/Console/Application.php:165
/Users/wildanbelfiore/mini-erp-app/vendor/laravel/framework/src/Illuminate/Foundation/Console/Kernel.php:447
/Users/wildanbelfiore/mini-erp-app/vendor/laravel/framework/src/Illuminate/Testing/PendingCommand.php:451
/Users/wildanbelfiore/mini-erp-app/vendor/laravel/framework/src/Illuminate/Testing/PendingCommand.php:675
/Users/wildanbelfiore/mini-erp-app/vendor/laravel/framework/src/Illuminate/Foundation/Testing/Concerns/InteractsWithConsole.php:87
/Users/wildanbelfiore/mini-erp-app/vendor/laravel/framework/src/Illuminate/Foundation/Testing/RefreshDatabase.php:119
/Users/wildanbelfiore/mini-erp-app/vendor/laravel/framework/src/Illuminate/Foundation/Testing/RefreshDatabase.php:84
/Users/wildanbelfiore/mini-erp-app/vendor/laravel/framework/src/Illuminate/Foundation/Testing/RefreshDatabase.php:25
/Users/wildanbelfiore/mini-erp-app/vendor/laravel/framework/src/Illuminate/Foundation/Testing/Concerns/InteractsWithTestCaseLifecycle.php:217
/Users/wildanbelfiore/mini-erp-app/vendor/laravel/framework/src/Illuminate/Foundation/Testing/Concerns/InteractsWithTestCaseLifecycle.php:101
/Users/wildanbelfiore/mini-erp-app/vendor/laravel/framework/src/Illuminate/Foundation/Testing/TestCase.php:63
/Users/wildanbelfiore/mini-erp-app/tests/Feature/FinanceModuleTest.php:19

Caused by
PDOException: SQLSTATE[HY000]: General error: 1 duplicate column name: uuid

/Users/wildanbelfiore/mini-erp-app/vendor/laravel/framework/src/Illuminate/Database/Connection.php:578
/Users/wildanbelfiore/mini-erp-app/vendor/laravel/framework/src/Illuminate/Database/Connection.php:827
/Users/wildanbelfiore/mini-erp-app/vendor/laravel/framework/src/Illuminate/Database/Connection.php:794
/Users/wildanbelfiore/mini-erp-app/vendor/laravel/framework/src/Illuminate/Database/Connection.php:573
/Users/wildanbelfiore/mini-erp-app/vendor/laravel/framework/src/Illuminate/Database/Schema/Blueprint.php:121
/Users/wildanbelfiore/mini-erp-app/vendor/laravel/framework/src/Illuminate/Database/Schema/Builder.php:686
/Users/wildanbelfiore/mini-erp-app/vendor/laravel/framework/src/Illuminate/Database/Schema/Builder.php:494
/Users/wildanbelfiore/mini-erp-app/vendor/laravel/framework/src/Illuminate/Support/Facades/Facade.php:363
/Users/wildanbelfiore/mini-erp-app/database/migrations/2026_02_18_152010_add_uuid_to_hrm_and_user_tables.php:33
/Users/wildanbelfiore/mini-erp-app/vendor/laravel/framework/src/Illuminate/Database/Migrations/Migrator.php:517
/Users/wildanbelfiore/mini-erp-app/vendor/laravel/framework/src/Illuminate/Database/Migrations/Migrator.php:442
/Users/wildanbelfiore/mini-erp-app/vendor/laravel/framework/src/Illuminate/Database/Migrations/Migrator.php:451
/Users/wildanbelfiore/mini-erp-app/vendor/laravel/framework/src/Illuminate/Database/Migrations/Migrator.php:253
/Users/wildanbelfiore/mini-erp-app/vendor/laravel/framework/src/Illuminate/Console/View/Components/Task.php:41
/Users/wildanbelfiore/mini-erp-app/vendor/laravel/framework/src/Illuminate/Database/Migrations/Migrator.php:814
/Users/wildanbelfiore/mini-erp-app/vendor/laravel/framework/src/Illuminate/Database/Migrations/Migrator.php:253
/Users/wildanbelfiore/mini-erp-app/vendor/laravel/framework/src/Illuminate/Database/Migrations/Migrator.php:211
/Users/wildanbelfiore/mini-erp-app/vendor/laravel/framework/src/Illuminate/Database/Migrations/Migrator.php:138
/Users/wildanbelfiore/mini-erp-app/vendor/laravel/framework/src/Illuminate/Database/Console/Migrations/MigrateCommand.php:116
/Users/wildanbelfiore/mini-erp-app/vendor/laravel/framework/src/Illuminate/Database/Migrations/Migrator.php:671
/Users/wildanbelfiore/mini-erp-app/vendor/laravel/framework/src/Illuminate/Database/Console/Migrations/MigrateCommand.php:109
/Users/wildanbelfiore/mini-erp-app/vendor/laravel/framework/src/Illuminate/Database/Console/Migrations/MigrateCommand.php:88
/Users/wildanbelfiore/mini-erp-app/vendor/laravel/framework/src/Illuminate/Container/BoundMethod.php:36
/Users/wildanbelfiore/mini-erp-app/vendor/laravel/framework/src/Illuminate/Container/Util.php:43
/Users/wildanbelfiore/mini-erp-app/vendor/laravel/framework/src/Illuminate/Container/BoundMethod.php:96
/Users/wildanbelfiore/mini-erp-app/vendor/laravel/framework/src/Illuminate/Container/BoundMethod.php:35
/Users/wildanbelfiore/mini-erp-app/vendor/laravel/framework/src/Illuminate/Container/Container.php:799
/Users/wildanbelfiore/mini-erp-app/vendor/laravel/framework/src/Illuminate/Console/Command.php:211
/Users/wildanbelfiore/mini-erp-app/vendor/symfony/console/Command/Command.php:341
/Users/wildanbelfiore/mini-erp-app/vendor/laravel/framework/src/Illuminate/Console/Command.php:180
/Users/wildanbelfiore/mini-erp-app/vendor/laravel/framework/src/Illuminate/Console/Concerns/CallsCommands.php:68
/Users/wildanbelfiore/mini-erp-app/vendor/laravel/framework/src/Illuminate/Console/Concerns/CallsCommands.php:29
/Users/wildanbelfiore/mini-erp-app/vendor/laravel/framework/src/Illuminate/Database/Console/Migrations/FreshCommand.php:88
/Users/wildanbelfiore/mini-erp-app/vendor/laravel/framework/src/Illuminate/Container/BoundMethod.php:36
/Users/wildanbelfiore/mini-erp-app/vendor/laravel/framework/src/Illuminate/Container/Util.php:43
/Users/wildanbelfiore/mini-erp-app/vendor/laravel/framework/src/Illuminate/Container/BoundMethod.php:96
/Users/wildanbelfiore/mini-erp-app/vendor/laravel/framework/src/Illuminate/Container/BoundMethod.php:35
/Users/wildanbelfiore/mini-erp-app/vendor/laravel/framework/src/Illuminate/Container/Container.php:799
/Users/wildanbelfiore/mini-erp-app/vendor/laravel/framework/src/Illuminate/Console/Command.php:211
/Users/wildanbelfiore/mini-erp-app/vendor/symfony/console/Command/Command.php:341
/Users/wildanbelfiore/mini-erp-app/vendor/laravel/framework/src/Illuminate/Console/Command.php:180
/Users/wildanbelfiore/mini-erp-app/vendor/symfony/console/Application.php:1094
/Users/wildanbelfiore/mini-erp-app/vendor/symfony/console/Application.php:356
/Users/wildanbelfiore/mini-erp-app/vendor/symfony/console/Application.php:195
/Users/wildanbelfiore/mini-erp-app/vendor/laravel/framework/src/Illuminate/Console/Application.php:165
/Users/wildanbelfiore/mini-erp-app/vendor/laravel/framework/src/Illuminate/Foundation/Console/Kernel.php:447
/Users/wildanbelfiore/mini-erp-app/vendor/laravel/framework/src/Illuminate/Testing/PendingCommand.php:451
/Users/wildanbelfiore/mini-erp-app/vendor/laravel/framework/src/Illuminate/Testing/PendingCommand.php:675
/Users/wildanbelfiore/mini-erp-app/vendor/laravel/framework/src/Illuminate/Foundation/Testing/Concerns/InteractsWithConsole.php:87
/Users/wildanbelfiore/mini-erp-app/vendor/laravel/framework/src/Illuminate/Foundation/Testing/RefreshDatabase.php:119
/Users/wildanbelfiore/mini-erp-app/vendor/laravel/framework/src/Illuminate/Foundation/Testing/RefreshDatabase.php:84
/Users/wildanbelfiore/mini-erp-app/vendor/laravel/framework/src/Illuminate/Foundation/Testing/RefreshDatabase.php:25
/Users/wildanbelfiore/mini-erp-app/vendor/laravel/framework/src/Illuminate/Foundation/Testing/Concerns/InteractsWithTestCaseLifecycle.php:217
/Users/wildanbelfiore/mini-erp-app/vendor/laravel/framework/src/Illuminate/Foundation/Testing/Concerns/InteractsWithTestCaseLifecycle.php:101
/Users/wildanbelfiore/mini-erp-app/vendor/laravel/framework/src/Illuminate/Foundation/Testing/TestCase.php:63
/Users/wildanbelfiore/mini-erp-app/tests/Feature/FinanceModuleTest.php:19

4) Tests\Feature\FinanceModuleTest::test_reporting_cash_flow
Illuminate\Database\QueryException: SQLSTATE[HY000]: General error: 1 duplicate column name: uuid (Connection: sqlite, Database: :memory:, SQL: alter table "users" add column "uuid" varchar)

/Users/wildanbelfiore/mini-erp-app/vendor/laravel/framework/src/Illuminate/Database/Connection.php:838
/Users/wildanbelfiore/mini-erp-app/vendor/laravel/framework/src/Illuminate/Database/Connection.php:794
/Users/wildanbelfiore/mini-erp-app/vendor/laravel/framework/src/Illuminate/Database/Connection.php:573
/Users/wildanbelfiore/mini-erp-app/vendor/laravel/framework/src/Illuminate/Database/Schema/Blueprint.php:121
/Users/wildanbelfiore/mini-erp-app/vendor/laravel/framework/src/Illuminate/Database/Schema/Builder.php:686
/Users/wildanbelfiore/mini-erp-app/vendor/laravel/framework/src/Illuminate/Database/Schema/Builder.php:494
/Users/wildanbelfiore/mini-erp-app/vendor/laravel/framework/src/Illuminate/Support/Facades/Facade.php:363
/Users/wildanbelfiore/mini-erp-app/database/migrations/2026_02_18_152010_add_uuid_to_hrm_and_user_tables.php:33
/Users/wildanbelfiore/mini-erp-app/vendor/laravel/framework/src/Illuminate/Database/Migrations/Migrator.php:517
/Users/wildanbelfiore/mini-erp-app/vendor/laravel/framework/src/Illuminate/Database/Migrations/Migrator.php:442
/Users/wildanbelfiore/mini-erp-app/vendor/laravel/framework/src/Illuminate/Database/Migrations/Migrator.php:451
/Users/wildanbelfiore/mini-erp-app/vendor/laravel/framework/src/Illuminate/Database/Migrations/Migrator.php:253
/Users/wildanbelfiore/mini-erp-app/vendor/laravel/framework/src/Illuminate/Console/View/Components/Task.php:41
/Users/wildanbelfiore/mini-erp-app/vendor/laravel/framework/src/Illuminate/Database/Migrations/Migrator.php:814
/Users/wildanbelfiore/mini-erp-app/vendor/laravel/framework/src/Illuminate/Database/Migrations/Migrator.php:253
/Users/wildanbelfiore/mini-erp-app/vendor/laravel/framework/src/Illuminate/Database/Migrations/Migrator.php:211
/Users/wildanbelfiore/mini-erp-app/vendor/laravel/framework/src/Illuminate/Database/Migrations/Migrator.php:138
/Users/wildanbelfiore/mini-erp-app/vendor/laravel/framework/src/Illuminate/Database/Console/Migrations/MigrateCommand.php:116
/Users/wildanbelfiore/mini-erp-app/vendor/laravel/framework/src/Illuminate/Database/Migrations/Migrator.php:671
/Users/wildanbelfiore/mini-erp-app/vendor/laravel/framework/src/Illuminate/Database/Console/Migrations/MigrateCommand.php:109
/Users/wildanbelfiore/mini-erp-app/vendor/laravel/framework/src/Illuminate/Database/Console/Migrations/MigrateCommand.php:88
/Users/wildanbelfiore/mini-erp-app/vendor/laravel/framework/src/Illuminate/Container/BoundMethod.php:36
/Users/wildanbelfiore/mini-erp-app/vendor/laravel/framework/src/Illuminate/Container/Util.php:43
/Users/wildanbelfiore/mini-erp-app/vendor/laravel/framework/src/Illuminate/Container/BoundMethod.php:96
/Users/wildanbelfiore/mini-erp-app/vendor/laravel/framework/src/Illuminate/Container/BoundMethod.php:35
/Users/wildanbelfiore/mini-erp-app/vendor/laravel/framework/src/Illuminate/Container/Container.php:799
/Users/wildanbelfiore/mini-erp-app/vendor/laravel/framework/src/Illuminate/Console/Command.php:211
/Users/wildanbelfiore/mini-erp-app/vendor/symfony/console/Command/Command.php:341
/Users/wildanbelfiore/mini-erp-app/vendor/laravel/framework/src/Illuminate/Console/Command.php:180
/Users/wildanbelfiore/mini-erp-app/vendor/laravel/framework/src/Illuminate/Console/Concerns/CallsCommands.php:68
/Users/wildanbelfiore/mini-erp-app/vendor/laravel/framework/src/Illuminate/Console/Concerns/CallsCommands.php:29
/Users/wildanbelfiore/mini-erp-app/vendor/laravel/framework/src/Illuminate/Database/Console/Migrations/FreshCommand.php:88
/Users/wildanbelfiore/mini-erp-app/vendor/laravel/framework/src/Illuminate/Container/BoundMethod.php:36
/Users/wildanbelfiore/mini-erp-app/vendor/laravel/framework/src/Illuminate/Container/Util.php:43
/Users/wildanbelfiore/mini-erp-app/vendor/laravel/framework/src/Illuminate/Container/BoundMethod.php:96
/Users/wildanbelfiore/mini-erp-app/vendor/laravel/framework/src/Illuminate/Container/BoundMethod.php:35
/Users/wildanbelfiore/mini-erp-app/vendor/laravel/framework/src/Illuminate/Container/Container.php:799
/Users/wildanbelfiore/mini-erp-app/vendor/laravel/framework/src/Illuminate/Console/Command.php:211
/Users/wildanbelfiore/mini-erp-app/vendor/symfony/console/Command/Command.php:341
/Users/wildanbelfiore/mini-erp-app/vendor/laravel/framework/src/Illuminate/Console/Command.php:180
/Users/wildanbelfiore/mini-erp-app/vendor/symfony/console/Application.php:1094
/Users/wildanbelfiore/mini-erp-app/vendor/symfony/console/Application.php:356
/Users/wildanbelfiore/mini-erp-app/vendor/symfony/console/Application.php:195
/Users/wildanbelfiore/mini-erp-app/vendor/laravel/framework/src/Illuminate/Console/Application.php:165
/Users/wildanbelfiore/mini-erp-app/vendor/laravel/framework/src/Illuminate/Foundation/Console/Kernel.php:447
/Users/wildanbelfiore/mini-erp-app/vendor/laravel/framework/src/Illuminate/Testing/PendingCommand.php:451
/Users/wildanbelfiore/mini-erp-app/vendor/laravel/framework/src/Illuminate/Testing/PendingCommand.php:675
/Users/wildanbelfiore/mini-erp-app/vendor/laravel/framework/src/Illuminate/Foundation/Testing/Concerns/InteractsWithConsole.php:87
/Users/wildanbelfiore/mini-erp-app/vendor/laravel/framework/src/Illuminate/Foundation/Testing/RefreshDatabase.php:119
/Users/wildanbelfiore/mini-erp-app/vendor/laravel/framework/src/Illuminate/Foundation/Testing/RefreshDatabase.php:84
/Users/wildanbelfiore/mini-erp-app/vendor/laravel/framework/src/Illuminate/Foundation/Testing/RefreshDatabase.php:25
/Users/wildanbelfiore/mini-erp-app/vendor/laravel/framework/src/Illuminate/Foundation/Testing/Concerns/InteractsWithTestCaseLifecycle.php:217
/Users/wildanbelfiore/mini-erp-app/vendor/laravel/framework/src/Illuminate/Foundation/Testing/Concerns/InteractsWithTestCaseLifecycle.php:101
/Users/wildanbelfiore/mini-erp-app/vendor/laravel/framework/src/Illuminate/Foundation/Testing/TestCase.php:63
/Users/wildanbelfiore/mini-erp-app/tests/Feature/FinanceModuleTest.php:19

Caused by
PDOException: SQLSTATE[HY000]: General error: 1 duplicate column name: uuid

/Users/wildanbelfiore/mini-erp-app/vendor/laravel/framework/src/Illuminate/Database/Connection.php:578
/Users/wildanbelfiore/mini-erp-app/vendor/laravel/framework/src/Illuminate/Database/Connection.php:827
/Users/wildanbelfiore/mini-erp-app/vendor/laravel/framework/src/Illuminate/Database/Connection.php:794
/Users/wildanbelfiore/mini-erp-app/vendor/laravel/framework/src/Illuminate/Database/Connection.php:573
/Users/wildanbelfiore/mini-erp-app/vendor/laravel/framework/src/Illuminate/Database/Schema/Blueprint.php:121
/Users/wildanbelfiore/mini-erp-app/vendor/laravel/framework/src/Illuminate/Database/Schema/Builder.php:686
/Users/wildanbelfiore/mini-erp-app/vendor/laravel/framework/src/Illuminate/Database/Schema/Builder.php:494
/Users/wildanbelfiore/mini-erp-app/vendor/laravel/framework/src/Illuminate/Support/Facades/Facade.php:363
/Users/wildanbelfiore/mini-erp-app/database/migrations/2026_02_18_152010_add_uuid_to_hrm_and_user_tables.php:33
/Users/wildanbelfiore/mini-erp-app/vendor/laravel/framework/src/Illuminate/Database/Migrations/Migrator.php:517
/Users/wildanbelfiore/mini-erp-app/vendor/laravel/framework/src/Illuminate/Database/Migrations/Migrator.php:442
/Users/wildanbelfiore/mini-erp-app/vendor/laravel/framework/src/Illuminate/Database/Migrations/Migrator.php:451
/Users/wildanbelfiore/mini-erp-app/vendor/laravel/framework/src/Illuminate/Database/Migrations/Migrator.php:253
/Users/wildanbelfiore/mini-erp-app/vendor/laravel/framework/src/Illuminate/Console/View/Components/Task.php:41
/Users/wildanbelfiore/mini-erp-app/vendor/laravel/framework/src/Illuminate/Database/Migrations/Migrator.php:814
/Users/wildanbelfiore/mini-erp-app/vendor/laravel/framework/src/Illuminate/Database/Migrations/Migrator.php:253
/Users/wildanbelfiore/mini-erp-app/vendor/laravel/framework/src/Illuminate/Database/Migrations/Migrator.php:211
/Users/wildanbelfiore/mini-erp-app/vendor/laravel/framework/src/Illuminate/Database/Migrations/Migrator.php:138
/Users/wildanbelfiore/mini-erp-app/vendor/laravel/framework/src/Illuminate/Database/Console/Migrations/MigrateCommand.php:116
/Users/wildanbelfiore/mini-erp-app/vendor/laravel/framework/src/Illuminate/Database/Migrations/Migrator.php:671
/Users/wildanbelfiore/mini-erp-app/vendor/laravel/framework/src/Illuminate/Database/Console/Migrations/MigrateCommand.php:109
/Users/wildanbelfiore/mini-erp-app/vendor/laravel/framework/src/Illuminate/Database/Console/Migrations/MigrateCommand.php:88
/Users/wildanbelfiore/mini-erp-app/vendor/laravel/framework/src/Illuminate/Container/BoundMethod.php:36
/Users/wildanbelfiore/mini-erp-app/vendor/laravel/framework/src/Illuminate/Container/Util.php:43
/Users/wildanbelfiore/mini-erp-app/vendor/laravel/framework/src/Illuminate/Container/BoundMethod.php:96
/Users/wildanbelfiore/mini-erp-app/vendor/laravel/framework/src/Illuminate/Container/BoundMethod.php:35
/Users/wildanbelfiore/mini-erp-app/vendor/laravel/framework/src/Illuminate/Container/Container.php:799
/Users/wildanbelfiore/mini-erp-app/vendor/laravel/framework/src/Illuminate/Console/Command.php:211
/Users/wildanbelfiore/mini-erp-app/vendor/symfony/console/Command/Command.php:341
/Users/wildanbelfiore/mini-erp-app/vendor/laravel/framework/src/Illuminate/Console/Command.php:180
/Users/wildanbelfiore/mini-erp-app/vendor/laravel/framework/src/Illuminate/Console/Concerns/CallsCommands.php:68
/Users/wildanbelfiore/mini-erp-app/vendor/laravel/framework/src/Illuminate/Console/Concerns/CallsCommands.php:29
/Users/wildanbelfiore/mini-erp-app/vendor/laravel/framework/src/Illuminate/Database/Console/Migrations/FreshCommand.php:88
/Users/wildanbelfiore/mini-erp-app/vendor/laravel/framework/src/Illuminate/Container/BoundMethod.php:36
/Users/wildanbelfiore/mini-erp-app/vendor/laravel/framework/src/Illuminate/Container/Util.php:43
/Users/wildanbelfiore/mini-erp-app/vendor/laravel/framework/src/Illuminate/Container/BoundMethod.php:96
/Users/wildanbelfiore/mini-erp-app/vendor/laravel/framework/src/Illuminate/Container/BoundMethod.php:35
/Users/wildanbelfiore/mini-erp-app/vendor/laravel/framework/src/Illuminate/Container/Container.php:799
/Users/wildanbelfiore/mini-erp-app/vendor/laravel/framework/src/Illuminate/Console/Command.php:211
/Users/wildanbelfiore/mini-erp-app/vendor/symfony/console/Command/Command.php:341
/Users/wildanbelfiore/mini-erp-app/vendor/laravel/framework/src/Illuminate/Console/Command.php:180
/Users/wildanbelfiore/mini-erp-app/vendor/symfony/console/Application.php:1094
/Users/wildanbelfiore/mini-erp-app/vendor/symfony/console/Application.php:356
/Users/wildanbelfiore/mini-erp-app/vendor/symfony/console/Application.php:195
/Users/wildanbelfiore/mini-erp-app/vendor/laravel/framework/src/Illuminate/Console/Application.php:165
/Users/wildanbelfiore/mini-erp-app/vendor/laravel/framework/src/Illuminate/Foundation/Console/Kernel.php:447
/Users/wildanbelfiore/mini-erp-app/vendor/laravel/framework/src/Illuminate/Testing/PendingCommand.php:451
/Users/wildanbelfiore/mini-erp-app/vendor/laravel/framework/src/Illuminate/Testing/PendingCommand.php:675
/Users/wildanbelfiore/mini-erp-app/vendor/laravel/framework/src/Illuminate/Foundation/Testing/Concerns/InteractsWithConsole.php:87
/Users/wildanbelfiore/mini-erp-app/vendor/laravel/framework/src/Illuminate/Foundation/Testing/RefreshDatabase.php:119
/Users/wildanbelfiore/mini-erp-app/vendor/laravel/framework/src/Illuminate/Foundation/Testing/RefreshDatabase.php:84
/Users/wildanbelfiore/mini-erp-app/vendor/laravel/framework/src/Illuminate/Foundation/Testing/RefreshDatabase.php:25
/Users/wildanbelfiore/mini-erp-app/vendor/laravel/framework/src/Illuminate/Foundation/Testing/Concerns/InteractsWithTestCaseLifecycle.php:217
/Users/wildanbelfiore/mini-erp-app/vendor/laravel/framework/src/Illuminate/Foundation/Testing/Concerns/InteractsWithTestCaseLifecycle.php:101
/Users/wildanbelfiore/mini-erp-app/vendor/laravel/framework/src/Illuminate/Foundation/Testing/TestCase.php:63
/Users/wildanbelfiore/mini-erp-app/tests/Feature/FinanceModuleTest.php:19

5) Tests\Feature\FinanceModuleTest::test_ai_suggest_account
Illuminate\Database\QueryException: SQLSTATE[HY000]: General error: 1 duplicate column name: uuid (Connection: sqlite, Database: :memory:, SQL: alter table "users" add column "uuid" varchar)

/Users/wildanbelfiore/mini-erp-app/vendor/laravel/framework/src/Illuminate/Database/Connection.php:838
/Users/wildanbelfiore/mini-erp-app/vendor/laravel/framework/src/Illuminate/Database/Connection.php:794
/Users/wildanbelfiore/mini-erp-app/vendor/laravel/framework/src/Illuminate/Database/Connection.php:573
/Users/wildanbelfiore/mini-erp-app/vendor/laravel/framework/src/Illuminate/Database/Schema/Blueprint.php:121
/Users/wildanbelfiore/mini-erp-app/vendor/laravel/framework/src/Illuminate/Database/Schema/Builder.php:686
/Users/wildanbelfiore/mini-erp-app/vendor/laravel/framework/src/Illuminate/Database/Schema/Builder.php:494
/Users/wildanbelfiore/mini-erp-app/vendor/laravel/framework/src/Illuminate/Support/Facades/Facade.php:363
/Users/wildanbelfiore/mini-erp-app/database/migrations/2026_02_18_152010_add_uuid_to_hrm_and_user_tables.php:33
/Users/wildanbelfiore/mini-erp-app/vendor/laravel/framework/src/Illuminate/Database/Migrations/Migrator.php:517
/Users/wildanbelfiore/mini-erp-app/vendor/laravel/framework/src/Illuminate/Database/Migrations/Migrator.php:442
/Users/wildanbelfiore/mini-erp-app/vendor/laravel/framework/src/Illuminate/Database/Migrations/Migrator.php:451
/Users/wildanbelfiore/mini-erp-app/vendor/laravel/framework/src/Illuminate/Database/Migrations/Migrator.php:253
/Users/wildanbelfiore/mini-erp-app/vendor/laravel/framework/src/Illuminate/Console/View/Components/Task.php:41
/Users/wildanbelfiore/mini-erp-app/vendor/laravel/framework/src/Illuminate/Database/Migrations/Migrator.php:814
/Users/wildanbelfiore/mini-erp-app/vendor/laravel/framework/src/Illuminate/Database/Migrations/Migrator.php:253
/Users/wildanbelfiore/mini-erp-app/vendor/laravel/framework/src/Illuminate/Database/Migrations/Migrator.php:211
/Users/wildanbelfiore/mini-erp-app/vendor/laravel/framework/src/Illuminate/Database/Migrations/Migrator.php:138
/Users/wildanbelfiore/mini-erp-app/vendor/laravel/framework/src/Illuminate/Database/Console/Migrations/MigrateCommand.php:116
/Users/wildanbelfiore/mini-erp-app/vendor/laravel/framework/src/Illuminate/Database/Migrations/Migrator.php:671
/Users/wildanbelfiore/mini-erp-app/vendor/laravel/framework/src/Illuminate/Database/Console/Migrations/MigrateCommand.php:109
/Users/wildanbelfiore/mini-erp-app/vendor/laravel/framework/src/Illuminate/Database/Console/Migrations/MigrateCommand.php:88
/Users/wildanbelfiore/mini-erp-app/vendor/laravel/framework/src/Illuminate/Container/BoundMethod.php:36
/Users/wildanbelfiore/mini-erp-app/vendor/laravel/framework/src/Illuminate/Container/Util.php:43
/Users/wildanbelfiore/mini-erp-app/vendor/laravel/framework/src/Illuminate/Container/BoundMethod.php:96
/Users/wildanbelfiore/mini-erp-app/vendor/laravel/framework/src/Illuminate/Container/BoundMethod.php:35
/Users/wildanbelfiore/mini-erp-app/vendor/laravel/framework/src/Illuminate/Container/Container.php:799
/Users/wildanbelfiore/mini-erp-app/vendor/laravel/framework/src/Illuminate/Console/Command.php:211
/Users/wildanbelfiore/mini-erp-app/vendor/symfony/console/Command/Command.php:341
/Users/wildanbelfiore/mini-erp-app/vendor/laravel/framework/src/Illuminate/Console/Command.php:180
/Users/wildanbelfiore/mini-erp-app/vendor/laravel/framework/src/Illuminate/Console/Concerns/CallsCommands.php:68
/Users/wildanbelfiore/mini-erp-app/vendor/laravel/framework/src/Illuminate/Console/Concerns/CallsCommands.php:29
/Users/wildanbelfiore/mini-erp-app/vendor/laravel/framework/src/Illuminate/Database/Console/Migrations/FreshCommand.php:88
/Users/wildanbelfiore/mini-erp-app/vendor/laravel/framework/src/Illuminate/Container/BoundMethod.php:36
/Users/wildanbelfiore/mini-erp-app/vendor/laravel/framework/src/Illuminate/Container/Util.php:43
/Users/wildanbelfiore/mini-erp-app/vendor/laravel/framework/src/Illuminate/Container/BoundMethod.php:96
/Users/wildanbelfiore/mini-erp-app/vendor/laravel/framework/src/Illuminate/Container/BoundMethod.php:35
/Users/wildanbelfiore/mini-erp-app/vendor/laravel/framework/src/Illuminate/Container/Container.php:799
/Users/wildanbelfiore/mini-erp-app/vendor/laravel/framework/src/Illuminate/Console/Command.php:211
/Users/wildanbelfiore/mini-erp-app/vendor/symfony/console/Command/Command.php:341
/Users/wildanbelfiore/mini-erp-app/vendor/laravel/framework/src/Illuminate/Console/Command.php:180
/Users/wildanbelfiore/mini-erp-app/vendor/symfony/console/Application.php:1094
/Users/wildanbelfiore/mini-erp-app/vendor/symfony/console/Application.php:356
/Users/wildanbelfiore/mini-erp-app/vendor/symfony/console/Application.php:195
/Users/wildanbelfiore/mini-erp-app/vendor/laravel/framework/src/Illuminate/Console/Application.php:165
/Users/wildanbelfiore/mini-erp-app/vendor/laravel/framework/src/Illuminate/Foundation/Console/Kernel.php:447
/Users/wildanbelfiore/mini-erp-app/vendor/laravel/framework/src/Illuminate/Testing/PendingCommand.php:451
/Users/wildanbelfiore/mini-erp-app/vendor/laravel/framework/src/Illuminate/Testing/PendingCommand.php:675
/Users/wildanbelfiore/mini-erp-app/vendor/laravel/framework/src/Illuminate/Foundation/Testing/Concerns/InteractsWithConsole.php:87
/Users/wildanbelfiore/mini-erp-app/vendor/laravel/framework/src/Illuminate/Foundation/Testing/RefreshDatabase.php:119
/Users/wildanbelfiore/mini-erp-app/vendor/laravel/framework/src/Illuminate/Foundation/Testing/RefreshDatabase.php:84
/Users/wildanbelfiore/mini-erp-app/vendor/laravel/framework/src/Illuminate/Foundation/Testing/RefreshDatabase.php:25
/Users/wildanbelfiore/mini-erp-app/vendor/laravel/framework/src/Illuminate/Foundation/Testing/Concerns/InteractsWithTestCaseLifecycle.php:217
/Users/wildanbelfiore/mini-erp-app/vendor/laravel/framework/src/Illuminate/Foundation/Testing/Concerns/InteractsWithTestCaseLifecycle.php:101
/Users/wildanbelfiore/mini-erp-app/vendor/laravel/framework/src/Illuminate/Foundation/Testing/TestCase.php:63
/Users/wildanbelfiore/mini-erp-app/tests/Feature/FinanceModuleTest.php:19

Caused by
PDOException: SQLSTATE[HY000]: General error: 1 duplicate column name: uuid

/Users/wildanbelfiore/mini-erp-app/vendor/laravel/framework/src/Illuminate/Database/Connection.php:578
/Users/wildanbelfiore/mini-erp-app/vendor/laravel/framework/src/Illuminate/Database/Connection.php:827
/Users/wildanbelfiore/mini-erp-app/vendor/laravel/framework/src/Illuminate/Database/Connection.php:794
/Users/wildanbelfiore/mini-erp-app/vendor/laravel/framework/src/Illuminate/Database/Connection.php:573
/Users/wildanbelfiore/mini-erp-app/vendor/laravel/framework/src/Illuminate/Database/Schema/Blueprint.php:121
/Users/wildanbelfiore/mini-erp-app/vendor/laravel/framework/src/Illuminate/Database/Schema/Builder.php:686
/Users/wildanbelfiore/mini-erp-app/vendor/laravel/framework/src/Illuminate/Database/Schema/Builder.php:494
/Users/wildanbelfiore/mini-erp-app/vendor/laravel/framework/src/Illuminate/Support/Facades/Facade.php:363
/Users/wildanbelfiore/mini-erp-app/database/migrations/2026_02_18_152010_add_uuid_to_hrm_and_user_tables.php:33
/Users/wildanbelfiore/mini-erp-app/vendor/laravel/framework/src/Illuminate/Database/Migrations/Migrator.php:517
/Users/wildanbelfiore/mini-erp-app/vendor/laravel/framework/src/Illuminate/Database/Migrations/Migrator.php:442
/Users/wildanbelfiore/mini-erp-app/vendor/laravel/framework/src/Illuminate/Database/Migrations/Migrator.php:451
/Users/wildanbelfiore/mini-erp-app/vendor/laravel/framework/src/Illuminate/Database/Migrations/Migrator.php:253
/Users/wildanbelfiore/mini-erp-app/vendor/laravel/framework/src/Illuminate/Console/View/Components/Task.php:41
/Users/wildanbelfiore/mini-erp-app/vendor/laravel/framework/src/Illuminate/Database/Migrations/Migrator.php:814
/Users/wildanbelfiore/mini-erp-app/vendor/laravel/framework/src/Illuminate/Database/Migrations/Migrator.php:253
/Users/wildanbelfiore/mini-erp-app/vendor/laravel/framework/src/Illuminate/Database/Migrations/Migrator.php:211
/Users/wildanbelfiore/mini-erp-app/vendor/laravel/framework/src/Illuminate/Database/Migrations/Migrator.php:138
/Users/wildanbelfiore/mini-erp-app/vendor/laravel/framework/src/Illuminate/Database/Console/Migrations/MigrateCommand.php:116
/Users/wildanbelfiore/mini-erp-app/vendor/laravel/framework/src/Illuminate/Database/Migrations/Migrator.php:671
/Users/wildanbelfiore/mini-erp-app/vendor/laravel/framework/src/Illuminate/Database/Console/Migrations/MigrateCommand.php:109
/Users/wildanbelfiore/mini-erp-app/vendor/laravel/framework/src/Illuminate/Database/Console/Migrations/MigrateCommand.php:88
/Users/wildanbelfiore/mini-erp-app/vendor/laravel/framework/src/Illuminate/Container/BoundMethod.php:36
/Users/wildanbelfiore/mini-erp-app/vendor/laravel/framework/src/Illuminate/Container/Util.php:43
/Users/wildanbelfiore/mini-erp-app/vendor/laravel/framework/src/Illuminate/Container/BoundMethod.php:96
/Users/wildanbelfiore/mini-erp-app/vendor/laravel/framework/src/Illuminate/Container/BoundMethod.php:35
/Users/wildanbelfiore/mini-erp-app/vendor/laravel/framework/src/Illuminate/Container/Container.php:799
/Users/wildanbelfiore/mini-erp-app/vendor/laravel/framework/src/Illuminate/Console/Command.php:211
/Users/wildanbelfiore/mini-erp-app/vendor/symfony/console/Command/Command.php:341
/Users/wildanbelfiore/mini-erp-app/vendor/laravel/framework/src/Illuminate/Console/Command.php:180
/Users/wildanbelfiore/mini-erp-app/vendor/laravel/framework/src/Illuminate/Console/Concerns/CallsCommands.php:68
/Users/wildanbelfiore/mini-erp-app/vendor/laravel/framework/src/Illuminate/Console/Concerns/CallsCommands.php:29
/Users/wildanbelfiore/mini-erp-app/vendor/laravel/framework/src/Illuminate/Database/Console/Migrations/FreshCommand.php:88
/Users/wildanbelfiore/mini-erp-app/vendor/laravel/framework/src/Illuminate/Container/BoundMethod.php:36
/Users/wildanbelfiore/mini-erp-app/vendor/laravel/framework/src/Illuminate/Container/Util.php:43
/Users/wildanbelfiore/mini-erp-app/vendor/laravel/framework/src/Illuminate/Container/BoundMethod.php:96
/Users/wildanbelfiore/mini-erp-app/vendor/laravel/framework/src/Illuminate/Container/BoundMethod.php:35
/Users/wildanbelfiore/mini-erp-app/vendor/laravel/framework/src/Illuminate/Container/Container.php:799
/Users/wildanbelfiore/mini-erp-app/vendor/laravel/framework/src/Illuminate/Console/Command.php:211
/Users/wildanbelfiore/mini-erp-app/vendor/symfony/console/Command/Command.php:341
/Users/wildanbelfiore/mini-erp-app/vendor/laravel/framework/src/Illuminate/Console/Command.php:180
/Users/wildanbelfiore/mini-erp-app/vendor/symfony/console/Application.php:1094
/Users/wildanbelfiore/mini-erp-app/vendor/symfony/console/Application.php:356
/Users/wildanbelfiore/mini-erp-app/vendor/symfony/console/Application.php:195
/Users/wildanbelfiore/mini-erp-app/vendor/laravel/framework/src/Illuminate/Console/Application.php:165
/Users/wildanbelfiore/mini-erp-app/vendor/laravel/framework/src/Illuminate/Foundation/Console/Kernel.php:447
/Users/wildanbelfiore/mini-erp-app/vendor/laravel/framework/src/Illuminate/Testing/PendingCommand.php:451
/Users/wildanbelfiore/mini-erp-app/vendor/laravel/framework/src/Illuminate/Testing/PendingCommand.php:675
/Users/wildanbelfiore/mini-erp-app/vendor/laravel/framework/src/Illuminate/Foundation/Testing/Concerns/InteractsWithConsole.php:87
/Users/wildanbelfiore/mini-erp-app/vendor/laravel/framework/src/Illuminate/Foundation/Testing/RefreshDatabase.php:119
/Users/wildanbelfiore/mini-erp-app/vendor/laravel/framework/src/Illuminate/Foundation/Testing/RefreshDatabase.php:84
/Users/wildanbelfiore/mini-erp-app/vendor/laravel/framework/src/Illuminate/Foundation/Testing/RefreshDatabase.php:25
/Users/wildanbelfiore/mini-erp-app/vendor/laravel/framework/src/Illuminate/Foundation/Testing/Concerns/InteractsWithTestCaseLifecycle.php:217
/Users/wildanbelfiore/mini-erp-app/vendor/laravel/framework/src/Illuminate/Foundation/Testing/Concerns/InteractsWithTestCaseLifecycle.php:101
/Users/wildanbelfiore/mini-erp-app/vendor/laravel/framework/src/Illuminate/Foundation/Testing/TestCase.php:63
/Users/wildanbelfiore/mini-erp-app/tests/Feature/FinanceModuleTest.php:19

6) Tests\Feature\FinanceModuleTest::test_ai_budget_variance
Illuminate\Database\QueryException: SQLSTATE[HY000]: General error: 1 duplicate column name: uuid (Connection: sqlite, Database: :memory:, SQL: alter table "users" add column "uuid" varchar)

/Users/wildanbelfiore/mini-erp-app/vendor/laravel/framework/src/Illuminate/Database/Connection.php:838
/Users/wildanbelfiore/mini-erp-app/vendor/laravel/framework/src/Illuminate/Database/Connection.php:794
/Users/wildanbelfiore/mini-erp-app/vendor/laravel/framework/src/Illuminate/Database/Connection.php:573
/Users/wildanbelfiore/mini-erp-app/vendor/laravel/framework/src/Illuminate/Database/Schema/Blueprint.php:121
/Users/wildanbelfiore/mini-erp-app/vendor/laravel/framework/src/Illuminate/Database/Schema/Builder.php:686
/Users/wildanbelfiore/mini-erp-app/vendor/laravel/framework/src/Illuminate/Database/Schema/Builder.php:494
/Users/wildanbelfiore/mini-erp-app/vendor/laravel/framework/src/Illuminate/Support/Facades/Facade.php:363
/Users/wildanbelfiore/mini-erp-app/database/migrations/2026_02_18_152010_add_uuid_to_hrm_and_user_tables.php:33
/Users/wildanbelfiore/mini-erp-app/vendor/laravel/framework/src/Illuminate/Database/Migrations/Migrator.php:517
/Users/wildanbelfiore/mini-erp-app/vendor/laravel/framework/src/Illuminate/Database/Migrations/Migrator.php:442
/Users/wildanbelfiore/mini-erp-app/vendor/laravel/framework/src/Illuminate/Database/Migrations/Migrator.php:451
/Users/wildanbelfiore/mini-erp-app/vendor/laravel/framework/src/Illuminate/Database/Migrations/Migrator.php:253
/Users/wildanbelfiore/mini-erp-app/vendor/laravel/framework/src/Illuminate/Console/View/Components/Task.php:41
/Users/wildanbelfiore/mini-erp-app/vendor/laravel/framework/src/Illuminate/Database/Migrations/Migrator.php:814
/Users/wildanbelfiore/mini-erp-app/vendor/laravel/framework/src/Illuminate/Database/Migrations/Migrator.php:253
/Users/wildanbelfiore/mini-erp-app/vendor/laravel/framework/src/Illuminate/Database/Migrations/Migrator.php:211
/Users/wildanbelfiore/mini-erp-app/vendor/laravel/framework/src/Illuminate/Database/Migrations/Migrator.php:138
/Users/wildanbelfiore/mini-erp-app/vendor/laravel/framework/src/Illuminate/Database/Console/Migrations/MigrateCommand.php:116
/Users/wildanbelfiore/mini-erp-app/vendor/laravel/framework/src/Illuminate/Database/Migrations/Migrator.php:671
/Users/wildanbelfiore/mini-erp-app/vendor/laravel/framework/src/Illuminate/Database/Console/Migrations/MigrateCommand.php:109
/Users/wildanbelfiore/mini-erp-app/vendor/laravel/framework/src/Illuminate/Database/Console/Migrations/MigrateCommand.php:88
/Users/wildanbelfiore/mini-erp-app/vendor/laravel/framework/src/Illuminate/Container/BoundMethod.php:36
/Users/wildanbelfiore/mini-erp-app/vendor/laravel/framework/src/Illuminate/Container/Util.php:43
/Users/wildanbelfiore/mini-erp-app/vendor/laravel/framework/src/Illuminate/Container/BoundMethod.php:96
/Users/wildanbelfiore/mini-erp-app/vendor/laravel/framework/src/Illuminate/Container/BoundMethod.php:35
/Users/wildanbelfiore/mini-erp-app/vendor/laravel/framework/src/Illuminate/Container/Container.php:799
/Users/wildanbelfiore/mini-erp-app/vendor/laravel/framework/src/Illuminate/Console/Command.php:211
/Users/wildanbelfiore/mini-erp-app/vendor/symfony/console/Command/Command.php:341
/Users/wildanbelfiore/mini-erp-app/vendor/laravel/framework/src/Illuminate/Console/Command.php:180
/Users/wildanbelfiore/mini-erp-app/vendor/laravel/framework/src/Illuminate/Console/Concerns/CallsCommands.php:68
/Users/wildanbelfiore/mini-erp-app/vendor/laravel/framework/src/Illuminate/Console/Concerns/CallsCommands.php:29
/Users/wildanbelfiore/mini-erp-app/vendor/laravel/framework/src/Illuminate/Database/Console/Migrations/FreshCommand.php:88
/Users/wildanbelfiore/mini-erp-app/vendor/laravel/framework/src/Illuminate/Container/BoundMethod.php:36
/Users/wildanbelfiore/mini-erp-app/vendor/laravel/framework/src/Illuminate/Container/Util.php:43
/Users/wildanbelfiore/mini-erp-app/vendor/laravel/framework/src/Illuminate/Container/BoundMethod.php:96
/Users/wildanbelfiore/mini-erp-app/vendor/laravel/framework/src/Illuminate/Container/BoundMethod.php:35
/Users/wildanbelfiore/mini-erp-app/vendor/laravel/framework/src/Illuminate/Container/Container.php:799
/Users/wildanbelfiore/mini-erp-app/vendor/laravel/framework/src/Illuminate/Console/Command.php:211
/Users/wildanbelfiore/mini-erp-app/vendor/symfony/console/Command/Command.php:341
/Users/wildanbelfiore/mini-erp-app/vendor/laravel/framework/src/Illuminate/Console/Command.php:180
/Users/wildanbelfiore/mini-erp-app/vendor/symfony/console/Application.php:1094
/Users/wildanbelfiore/mini-erp-app/vendor/symfony/console/Application.php:356
/Users/wildanbelfiore/mini-erp-app/vendor/symfony/console/Application.php:195
/Users/wildanbelfiore/mini-erp-app/vendor/laravel/framework/src/Illuminate/Console/Application.php:165
/Users/wildanbelfiore/mini-erp-app/vendor/laravel/framework/src/Illuminate/Foundation/Console/Kernel.php:447
/Users/wildanbelfiore/mini-erp-app/vendor/laravel/framework/src/Illuminate/Testing/PendingCommand.php:451
/Users/wildanbelfiore/mini-erp-app/vendor/laravel/framework/src/Illuminate/Testing/PendingCommand.php:675
/Users/wildanbelfiore/mini-erp-app/vendor/laravel/framework/src/Illuminate/Foundation/Testing/Concerns/InteractsWithConsole.php:87
/Users/wildanbelfiore/mini-erp-app/vendor/laravel/framework/src/Illuminate/Foundation/Testing/RefreshDatabase.php:119
/Users/wildanbelfiore/mini-erp-app/vendor/laravel/framework/src/Illuminate/Foundation/Testing/RefreshDatabase.php:84
/Users/wildanbelfiore/mini-erp-app/vendor/laravel/framework/src/Illuminate/Foundation/Testing/RefreshDatabase.php:25
/Users/wildanbelfiore/mini-erp-app/vendor/laravel/framework/src/Illuminate/Foundation/Testing/Concerns/InteractsWithTestCaseLifecycle.php:217
/Users/wildanbelfiore/mini-erp-app/vendor/laravel/framework/src/Illuminate/Foundation/Testing/Concerns/InteractsWithTestCaseLifecycle.php:101
/Users/wildanbelfiore/mini-erp-app/vendor/laravel/framework/src/Illuminate/Foundation/Testing/TestCase.php:63
/Users/wildanbelfiore/mini-erp-app/tests/Feature/FinanceModuleTest.php:19

Caused by
PDOException: SQLSTATE[HY000]: General error: 1 duplicate column name: uuid

/Users/wildanbelfiore/mini-erp-app/vendor/laravel/framework/src/Illuminate/Database/Connection.php:578
/Users/wildanbelfiore/mini-erp-app/vendor/laravel/framework/src/Illuminate/Database/Connection.php:827
/Users/wildanbelfiore/mini-erp-app/vendor/laravel/framework/src/Illuminate/Database/Connection.php:794
/Users/wildanbelfiore/mini-erp-app/vendor/laravel/framework/src/Illuminate/Database/Connection.php:573
/Users/wildanbelfiore/mini-erp-app/vendor/laravel/framework/src/Illuminate/Database/Schema/Blueprint.php:121
/Users/wildanbelfiore/mini-erp-app/vendor/laravel/framework/src/Illuminate/Database/Schema/Builder.php:686
/Users/wildanbelfiore/mini-erp-app/vendor/laravel/framework/src/Illuminate/Database/Schema/Builder.php:494
/Users/wildanbelfiore/mini-erp-app/vendor/laravel/framework/src/Illuminate/Support/Facades/Facade.php:363
/Users/wildanbelfiore/mini-erp-app/database/migrations/2026_02_18_152010_add_uuid_to_hrm_and_user_tables.php:33
/Users/wildanbelfiore/mini-erp-app/vendor/laravel/framework/src/Illuminate/Database/Migrations/Migrator.php:517
/Users/wildanbelfiore/mini-erp-app/vendor/laravel/framework/src/Illuminate/Database/Migrations/Migrator.php:442
/Users/wildanbelfiore/mini-erp-app/vendor/laravel/framework/src/Illuminate/Database/Migrations/Migrator.php:451
/Users/wildanbelfiore/mini-erp-app/vendor/laravel/framework/src/Illuminate/Database/Migrations/Migrator.php:253
/Users/wildanbelfiore/mini-erp-app/vendor/laravel/framework/src/Illuminate/Console/View/Components/Task.php:41
/Users/wildanbelfiore/mini-erp-app/vendor/laravel/framework/src/Illuminate/Database/Migrations/Migrator.php:814
/Users/wildanbelfiore/mini-erp-app/vendor/laravel/framework/src/Illuminate/Database/Migrations/Migrator.php:253
/Users/wildanbelfiore/mini-erp-app/vendor/laravel/framework/src/Illuminate/Database/Migrations/Migrator.php:211
/Users/wildanbelfiore/mini-erp-app/vendor/laravel/framework/src/Illuminate/Database/Migrations/Migrator.php:138
/Users/wildanbelfiore/mini-erp-app/vendor/laravel/framework/src/Illuminate/Database/Console/Migrations/MigrateCommand.php:116
/Users/wildanbelfiore/mini-erp-app/vendor/laravel/framework/src/Illuminate/Database/Migrations/Migrator.php:671
/Users/wildanbelfiore/mini-erp-app/vendor/laravel/framework/src/Illuminate/Database/Console/Migrations/MigrateCommand.php:109
/Users/wildanbelfiore/mini-erp-app/vendor/laravel/framework/src/Illuminate/Database/Console/Migrations/MigrateCommand.php:88
/Users/wildanbelfiore/mini-erp-app/vendor/laravel/framework/src/Illuminate/Container/BoundMethod.php:36
/Users/wildanbelfiore/mini-erp-app/vendor/laravel/framework/src/Illuminate/Container/Util.php:43
/Users/wildanbelfiore/mini-erp-app/vendor/laravel/framework/src/Illuminate/Container/BoundMethod.php:96
/Users/wildanbelfiore/mini-erp-app/vendor/laravel/framework/src/Illuminate/Container/BoundMethod.php:35
/Users/wildanbelfiore/mini-erp-app/vendor/laravel/framework/src/Illuminate/Container/Container.php:799
/Users/wildanbelfiore/mini-erp-app/vendor/laravel/framework/src/Illuminate/Console/Command.php:211
/Users/wildanbelfiore/mini-erp-app/vendor/symfony/console/Command/Command.php:341
/Users/wildanbelfiore/mini-erp-app/vendor/laravel/framework/src/Illuminate/Console/Command.php:180
/Users/wildanbelfiore/mini-erp-app/vendor/laravel/framework/src/Illuminate/Console/Concerns/CallsCommands.php:68
/Users/wildanbelfiore/mini-erp-app/vendor/laravel/framework/src/Illuminate/Console/Concerns/CallsCommands.php:29
/Users/wildanbelfiore/mini-erp-app/vendor/laravel/framework/src/Illuminate/Database/Console/Migrations/FreshCommand.php:88
/Users/wildanbelfiore/mini-erp-app/vendor/laravel/framework/src/Illuminate/Container/BoundMethod.php:36
/Users/wildanbelfiore/mini-erp-app/vendor/laravel/framework/src/Illuminate/Container/Util.php:43
/Users/wildanbelfiore/mini-erp-app/vendor/laravel/framework/src/Illuminate/Container/BoundMethod.php:96
/Users/wildanbelfiore/mini-erp-app/vendor/laravel/framework/src/Illuminate/Container/BoundMethod.php:35
/Users/wildanbelfiore/mini-erp-app/vendor/laravel/framework/src/Illuminate/Container/Container.php:799
/Users/wildanbelfiore/mini-erp-app/vendor/laravel/framework/src/Illuminate/Console/Command.php:211
/Users/wildanbelfiore/mini-erp-app/vendor/symfony/console/Command/Command.php:341
/Users/wildanbelfiore/mini-erp-app/vendor/laravel/framework/src/Illuminate/Console/Command.php:180
/Users/wildanbelfiore/mini-erp-app/vendor/symfony/console/Application.php:1094
/Users/wildanbelfiore/mini-erp-app/vendor/symfony/console/Application.php:356
/Users/wildanbelfiore/mini-erp-app/vendor/symfony/console/Application.php:195
/Users/wildanbelfiore/mini-erp-app/vendor/laravel/framework/src/Illuminate/Console/Application.php:165
/Users/wildanbelfiore/mini-erp-app/vendor/laravel/framework/src/Illuminate/Foundation/Console/Kernel.php:447
/Users/wildanbelfiore/mini-erp-app/vendor/laravel/framework/src/Illuminate/Testing/PendingCommand.php:451
/Users/wildanbelfiore/mini-erp-app/vendor/laravel/framework/src/Illuminate/Testing/PendingCommand.php:675
/Users/wildanbelfiore/mini-erp-app/vendor/laravel/framework/src/Illuminate/Foundation/Testing/Concerns/InteractsWithConsole.php:87
/Users/wildanbelfiore/mini-erp-app/vendor/laravel/framework/src/Illuminate/Foundation/Testing/RefreshDatabase.php:119
/Users/wildanbelfiore/mini-erp-app/vendor/laravel/framework/src/Illuminate/Foundation/Testing/RefreshDatabase.php:84
/Users/wildanbelfiore/mini-erp-app/vendor/laravel/framework/src/Illuminate/Foundation/Testing/RefreshDatabase.php:25
/Users/wildanbelfiore/mini-erp-app/vendor/laravel/framework/src/Illuminate/Foundation/Testing/Concerns/InteractsWithTestCaseLifecycle.php:217
/Users/wildanbelfiore/mini-erp-app/vendor/laravel/framework/src/Illuminate/Foundation/Testing/Concerns/InteractsWithTestCaseLifecycle.php:101
/Users/wildanbelfiore/mini-erp-app/vendor/laravel/framework/src/Illuminate/Foundation/Testing/TestCase.php:63
/Users/wildanbelfiore/mini-erp-app/tests/Feature/FinanceModuleTest.php:19

ERRORS!
Tests: 6, Assertions: 0, Errors: 6.
